[0m18:14:14.040776 [debug] [MainThread]: Sending event: {'category': 'dbt', 'action': 'invocation', 'label': 'start', 'context': [<snowplow_tracker.self_describing_json.SelfDescribingJson object at 0x777a8e1a67e0>, <snowplow_tracker.self_describing_json.SelfDescribingJson object at 0x777a8f4fb2c0>, <snowplow_tracker.self_describing_json.SelfDescribingJson object at 0x777a8f4faba0>]}


============================== 18:14:14.053564 | 547621e9-6331-450c-be34-0622052e4a2d ==============================
[0m18:14:14.053564 [info ] [MainThread]: Running with dbt=1.12.4
[0m18:14:14.057374 [debug] [MainThread]: running dbt with arguments {'debug': 'False', 'warn_error_options': 'WarnErrorOptionsV2(error=[], warn=[], silence=[])', 'static_parser': 'True', 'introspect': 'True', 'use_colors': 'True', 'maximum_seed_size_mib': '1', 'hints_enabled': 'True', 'write_json': 'True', 'cache_selected_only': 'False', 'no_print': 'None', 'log_path': 'logs', 'log_format': 'default', 'target_path': 'None', 'invocation_command': 'dbt init projet_dbt', 'send_anonymous_usage_stats': 'True', 'warn_error': 'None', 'indirect_selection': 'eager', 'log_cache_events': 'False', 'use_experimental_parser': 'False', 'quiet': 'False', 'version_check': 'True', 'partial_parse': 'True', 'printer_width': '80', 'fail_fast': 'False', 'profiles_dir': '/home/soro-mathieu/.dbt', 'empty': 'None'}
[0m18:14:14.117482 [debug] [MainThread]: Starter project path: /home/soro-mathieu/pyenv/lib/python3.12/site-packages/dbt/include/starter_project
[0m18:14:14.133351 [info ] [MainThread]: Setting up your profile.
[0m18:14:30.404710 [info ] [MainThread]: Profile projet_dbt written to /home/soro-mathieu/.dbt/profiles.yml using target's sample configuration. Once updated, you'll be able to start developing with dbt.
[0m18:14:30.412724 [info ] [MainThread]: Running dbt debug to validate the project...
[0m18:14:30.416076 [info ] [MainThread]: dbt version: 1.12.4
[0m18:14:30.417974 [info ] [MainThread]: python version: 3.12.3
[0m18:14:30.419795 [info ] [MainThread]: python path: /home/soro-mathieu/pyenv/bin/python3
[0m18:14:30.421836 [info ] [MainThread]: os info: Linux-7.0.0-31-generic-x86_64-with-glibc2.39
[0m18:14:30.733441 [info ] [MainThread]: Using profiles dir at /home/soro-mathieu/.dbt
[0m18:14:30.735828 [info ] [MainThread]: Using profiles.yml file at /home/soro-mathieu/.dbt/profiles.yml
[0m18:14:30.738491 [info ] [MainThread]: Using dbt_project.yml file at /home/soro-mathieu/Documents/dbt/projet_dbt/projet_dbt/dbt_project.yml
[0m18:14:30.749758 [info ] [MainThread]: adapter type: duckdb
[0m18:14:30.752080 [info ] [MainThread]: adapter version: 1.11.0
[0m18:14:31.279869 [info ] [MainThread]: Configuration:
[0m18:14:31.281765 [info ] [MainThread]:   profiles.yml file [[32mOK found and valid[0m]
[0m18:14:31.283392 [info ] [MainThread]:   dbt_project.yml file [[32mOK found and valid[0m]
[0m18:14:31.285354 [info ] [MainThread]: Required dependencies:
[0m18:14:31.287680 [debug] [MainThread]: Executing "git --help"
[0m18:14:31.300835 [debug] [MainThread]: STDOUT: "b"usage : git [-v | --version] [-h | --help] [-C <path>] [-c <name>=<value>]\n           [--exec-path[=<path>]] [--html-path] [--man-path] [--info-path]\n           [-p | --paginate | -P | --no-pager] [--no-replace-objects] [--bare]\n           [--git-dir=<path>] [--work-tree=<path>] [--namespace=<name>]\n           [--config-env=<name>=<envvar>] <command> [<args>]\n\nCi-dessous les commandes Git habituelles dans diverses situations\xc2\xa0:\n\nd\xc3\xa9marrer une zone de travail (voir aussi\xc2\xa0: git help tutorial)\n   clone     Cloner un d\xc3\xa9p\xc3\xb4t dans un nouveau r\xc3\xa9pertoire\n   init      Cr\xc3\xa9er un d\xc3\xa9p\xc3\xb4t Git vide ou r\xc3\xa9initialiser un existant\n\ntravailler sur la modification actuelle (voir aussi\xc2\xa0: git help revisions)\n   add       Ajouter le contenu de fichiers dans l'index\n   mv        D\xc3\xa9placer ou renommer un fichier, un r\xc3\xa9pertoire, ou un lien symbolique\n   restore   Restaurer les fichiers l'arbre de travail\n   rm        Supprimer des fichiers de la copie de travail et de l'index\n\nexaminer l'historique et l'\xc3\xa9tat (voir aussi\xc2\xa0: git help revisions)\n   bisect    Trouver par recherche binaire la modification qui a introduit un bogue\n   diff      Afficher les changements entre les validations, entre validation et copie de travail, etc\n   grep      Afficher les lignes correspondant \xc3\xa0 un motif\n   log       Afficher l'historique des validations\n   show      Afficher diff\xc3\xa9rents types d'objets\n   status    Afficher l'\xc3\xa9tat de la copie de travail\n\nagrandir, marquer et modifier votre historique\n   branch    Lister, cr\xc3\xa9er ou supprimer des branches\n   commit    Enregistrer les modifications dans le d\xc3\xa9p\xc3\xb4t\n   merge     Fusionner deux ou plusieurs historiques de d\xc3\xa9veloppement ensemble\n   rebase    R\xc3\xa9application des commits sur le sommet de l'autre base\n   reset     R\xc3\xa9initialiser la HEAD courante \xc3\xa0 l'\xc3\xa9tat sp\xc3\xa9cifi\xc3\xa9\n   switch    Basculer de branche\n   tag       Cr\xc3\xa9er, lister, supprimer ou v\xc3\xa9rifier un objet d'\xc3\xa9tiquette sign\xc3\xa9 avec GPG\n\ncollaborer (voir aussi\xc2\xa0: git help workflows)\n   fetch     T\xc3\xa9l\xc3\xa9charger les objets et r\xc3\xa9f\xc3\xa9rences depuis un autre d\xc3\xa9p\xc3\xb4t\n   pull      Rapatrier et int\xc3\xa9grer un autre d\xc3\xa9p\xc3\xb4t ou une branche locale\n   push      Mettre \xc3\xa0 jour les r\xc3\xa9f\xc3\xa9rences distantes ainsi que les objets associ\xc3\xa9s\n\n'git help -a' et 'git help -g' listent les sous-commandes disponibles et\nquelques concepts. Voir 'git help <commande>' ou 'git help <concept>'\npour en lire plus \xc3\xa0 propos d'une commande sp\xc3\xa9cifique ou d'un concept.\nVoir 'git help git' pour un survol du syst\xc3\xa8me.\n""
[0m18:14:31.302861 [debug] [MainThread]: STDERR: "b''"
[0m18:14:31.305356 [info ] [MainThread]:  - git [[32mOK found[0m]

[0m18:14:31.307096 [info ] [MainThread]: Connection:
[0m18:14:31.308814 [info ] [MainThread]:   database: dev
[0m18:14:31.310990 [info ] [MainThread]:   schema: main
[0m18:14:31.313834 [info ] [MainThread]:   path: dev.duckdb
[0m18:14:31.315734 [info ] [MainThread]:   config_options: None
[0m18:14:31.317501 [info ] [MainThread]:   extensions: None
[0m18:14:31.320063 [info ] [MainThread]:   settings: {}
[0m18:14:31.323034 [info ] [MainThread]:   external_root: .
[0m18:14:31.325466 [info ] [MainThread]:   use_credential_provider: None
[0m18:14:31.327423 [info ] [MainThread]:   attach: None
[0m18:14:31.329338 [info ] [MainThread]:   filesystems: None
[0m18:14:31.330851 [info ] [MainThread]:   remote: None
[0m18:14:31.332351 [info ] [MainThread]:   plugins: None
[0m18:14:31.333767 [info ] [MainThread]:   disable_transactions: False
[0m18:14:31.335631 [info ] [MainThread]: Registered adapter: duckdb=1.11.0
[0m18:14:31.633841 [debug] [MainThread]: Acquiring new duckdb connection 'debug'
[0m18:14:31.730718 [debug] [MainThread]: Using duckdb connection "debug"
[0m18:14:31.732643 [debug] [MainThread]: On debug: select 1 as id
[0m18:14:31.734175 [debug] [MainThread]: Opening a new connection, currently in state init
[0m18:14:31.790104 [debug] [MainThread]: SQL status: OK in 0.056 seconds
[0m18:14:31.794584 [debug] [MainThread]: On debug: Close
[0m18:14:31.796693 [info ] [MainThread]:   Connection test: [[32mOK connection ok[0m]

[0m18:14:31.798540 [info ] [MainThread]: [32mAll checks passed![0m
[0m18:14:31.801050 [info ] [MainThread]: Your new dbt project "projet_dbt" was created!
Initialized new project in /home/soro-mathieu/Documents/dbt/projet_dbt/projet_dbt/projet_dbt

For more information on how to configure the profiles.yml file,
please consult the dbt documentation here:

  https://docs.getdbt.com/docs/configure-your-profile

One more thing:

Need help? Don't hesitate to reach out to us via GitHub issues or on Slack:

  https://community.getdbt.com/

Happy modeling!

[0m18:14:31.805231 [debug] [MainThread]: Resource report: {"command_name": "init", "command_success": true, "command_wall_clock_time": 18.236631, "process_in_blocks": "768", "process_kernel_time": 0.611778, "process_mem_max_rss": "149972", "process_out_blocks": "104", "process_user_time": 9.102185}
[0m18:14:31.809007 [debug] [MainThread]: Command `dbt init` succeeded at 18:14:31.808387 after 18.24 seconds
[0m18:14:31.811385 [debug] [MainThread]: Connection 'debug' was properly closed.
[0m18:14:31.812975 [debug] [MainThread]: Sending event: {'category': 'dbt', 'action': 'invocation', 'label': 'end', 'context': [<snowplow_tracker.self_describing_json.SelfDescribingJson object at 0x777a8e31b080>, <snowplow_tracker.self_describing_json.SelfDescribingJson object at 0x777a88174fb0>, <snowplow_tracker.self_describing_json.SelfDescribingJson object at 0x777a88174fe0>]}
[0m18:14:31.814996 [debug] [MainThread]: Flushing usage events
[0m18:14:33.290172 [debug] [MainThread]: An error was encountered while trying to flush usage events
[0m18:27:42.254942 [debug] [MainThread]: Sending event: {'category': 'dbt', 'action': 'invocation', 'label': 'start', 'context': [<snowplow_tracker.self_describing_json.SelfDescribingJson object at 0x78c43714d580>, <snowplow_tracker.self_describing_json.SelfDescribingJson object at 0x78c436690b00>, <snowplow_tracker.self_describing_json.SelfDescribingJson object at 0x78c436c12660>]}


============================== 18:27:42.265191 | 2f44585c-1fb2-4170-9fea-32f2d1c104d8 ==============================
[0m18:27:42.265191 [info ] [MainThread]: Running with dbt=1.12.4
[0m18:27:42.268038 [debug] [MainThread]: running dbt with arguments {'printer_width': '80', 'send_anonymous_usage_stats': 'True', 'profiles_dir': '/home/soro-mathieu/.dbt', 'fail_fast': 'False', 'version_check': 'True', 'indirect_selection': 'eager', 'cache_selected_only': 'False', 'quiet': 'False', 'hints_enabled': 'True', 'log_format': 'default', 'debug': 'False', 'static_parser': 'True', 'use_experimental_parser': 'False', 'introspect': 'True', 'use_colors': 'True', 'no_print': 'None', 'partial_parse': 'True', 'log_path': 'logs', 'write_json': 'True', 'maximum_seed_size_mib': '1', 'warn_error': 'None', 'invocation_command': 'dbt seed', 'empty': 'False', 'target_path': 'None', 'warn_error_options': 'WarnErrorOptionsV2(error=[], warn=[], silence=[])', 'log_cache_events': 'False'}
[0m18:27:42.271087 [error] [MainThread]: [[31mERROR[0m]: Encountered an error:
Runtime Error
  No dbt_project.yml found at expected path /home/soro-mathieu/Documents/dbt/projet_dbt/dbt_project.yml
  Verify that each entry within packages.yml (and their transitive dependencies) contains a file named dbt_project.yml
  
[0m18:27:42.275438 [debug] [MainThread]: Resource report: {"command_name": "seed", "command_success": false, "command_wall_clock_time": 0.46387857, "process_in_blocks": "5888", "process_kernel_time": 0.491911, "process_mem_max_rss": "108612", "process_out_blocks": "16", "process_user_time": 6.787975}
[0m18:27:42.277555 [debug] [MainThread]: Command `dbt seed` failed at 18:27:42.277103 after 0.47 seconds
[0m18:27:42.279081 [debug] [MainThread]: Sending event: {'category': 'dbt', 'action': 'invocation', 'label': 'end', 'context': [<snowplow_tracker.self_describing_json.SelfDescribingJson object at 0x78c43850aa50>, <snowplow_tracker.self_describing_json.SelfDescribingJson object at 0x78c438e7a7e0>, <snowplow_tracker.self_describing_json.SelfDescribingJson object at 0x78c43ad9f950>]}
[0m18:27:42.280708 [debug] [MainThread]: Flushing usage events
[0m18:27:43.722459 [debug] [MainThread]: An error was encountered while trying to flush usage events
